
Using inventory inventory.ini in the local folder


PLAY [Run roles dynamically] ***************************************************

TASK [Check if the remote computer is alive] ***********************************
ok: [server_1]

TASK [Log unreachable host status to a local file] *****************************
skipping: [server_1]

TASK [Include roles per host (only if alive)] **********************************

TASK [r_ncc_health_checks_run_all_gg : 1. Declare variables] *******************
ok: [server_1]

TASK [r_ncc_health_checks_run_all_gg : 2. Check if the log file exists] ********
ok: [server_1]

TASK [r_ncc_health_checks_run_all_gg : 3. Handle missing log file] *************
skipping: [server_1]

TASK [r_ncc_health_checks_run_all_gg : Fetch the log file to the Ansible control node] ***
ok: [server_1]

TASK [r_ncc_health_checks_run_all_gg : Isolate the last TIMESTAMP block using awk] ***
ok: [server_1]

TASK [r_ncc_health_checks_run_all_gg : Parse and cast the trimmed log counters strictly] ***
ok: [server_1]

TASK [r_ncc_health_checks_run_all_gg : Evaluate final cluster health parameters] ***
ok: [server_1]

TASK [r_ncc_health_checks_run_all_gg : Ensure CSV report directory exists on control node] ***
ok: [server_1 -> localhost]

TASK [r_ncc_health_checks_run_all_gg : Ensure CSV header line is present on control node] ***
ok: [server_1 -> localhost]

TASK [r_ncc_health_checks_run_all_gg : Append current host status summary to CSV file] ***
ok: [server_1 -> localhost]

TASK [r_ncc_health_checks_run_all_gg : Debug variables to verify results] ******
ok: [server_1] => {
    "msg": [
        "Answer: Unhealthy",
        "Remark: Last updated: : Fri Jul 03 16:02:55 2026 (UTC +0800) (Fails: 33, Errors: 55)"
    ]
}

TASK [r_ncc_health_checks_run_all_gg : 0. Declare variables] *******************
fatal: [server_1]: FAILED! => {"msg": "The conditional check 'logd_enabled | bool' failed. The error was: error while evaluating conditional (logd_enabled | bool): 'logd_enabled' is undefined\n\nThe error appears to be in '/home/git/proj/hm/healthmonitoring/roles/r_ncc_health_checks_run_all_gg/tasks/logd.yml': line 2, column 3, but may\nbe elsewhere in the file depending on the exact syntax problem.\n\nThe offending line appears to be:\n\n---\n- name: 0. Declare variables\n  ^ here\n"}

PLAY RECAP *********************************************************************
server_1                   : ok=11   changed=0    unreachable=0    failed=1    skipped=2    rescued=0    ignored=0   

