
####################################################
# TIMESTAMP : Tue Jul 14 14:39:53 2026 (UTC +0800) #
####################################################
Cluster Name: OPCZCLU1
Cluster Id: 1748126724071686652
Cluster UUID: c8e3e1e4-21af-44db-9842-97fe5aa901fc
Cluster Version: pc.7.3.1.10
NCC Version: 5.3.1.1-d31b2289
    CVM ID(Svmid)            : 3
    CVM external IP          : 188.185.14.1
    Node serial              : 188-185-14-1
    Model                    : kNull
    Node Position            : A
    Block S/N                : null
    PC Size                  : XLarge

    CVM ID(Svmid)            : 4
    CVM external IP          : 188.185.14.3
    Node serial              : 188-185-14-3
    Model                    : kNull
    Node Position            : A
    Block S/N                : null
    PC Size                  : XLarge

    CVM ID(Svmid)            : 5
    CVM external IP          : 188.185.14.2
    Node serial              : 188-185-14-2
    Model                    : kNull
    Node Position            : A
    Block S/N                : null
    PC Size                  : XLarge


==> /health_checks/run_all 

################################################################################
# INTERACTIVE OUTPUT
################################################################################
/health_checks/system_checks/alert_manager_service_check                                                                                                                                                [ PASS ] 
/health_checks/pulse_checks/flow_connection_checks                                                                                                                                                      [ PASS ] 
/health_checks/system_checks/iam_services_status_check                                                                                                                                                  [ PASS ] 
/health_checks/pcvm_checks/pc_backup_pckms_check                                                                                                                                                        [ PASS ] 
/health_checks/system_checks/daily_pre_expiry                                                                                                                                                           [ PASS ] 
/health_checks/draas_checks/protection_policy_checks/protection_rule_max_entities_per_category_check                                                                                                    [ PASS ] 
/health_checks/system_checks/pc_sufficient_disk_space_check                                                                                                                                             [ PASS ] 
/health_checks/draas_checks/recovery_plan_checks/recovery_plan_dsip_mapping_config_check                                                                                                                [ PASS ] 
/health_checks/system_checks/virtual_ip_check                                                                                                                                                           [ PASS ] 
/health_checks/cassandra_checks/cassandra_sstable_health_warning_check                                                                                                                                  [ PASS ] 
/health_checks/pcvm_checks/pcvm_reboot_check                                                                                                                                                            [ PASS ] 
/health_checks/pcvm_checks/category_threshold_alert                                                                                                                                                     [ PASS ] 
/health_checks/network_checks/check_ntp                                                                                                                                                                 [ PASS ] 
/health_checks/system_checks/pc_vm_limit_check                                                                                                                                                          [ PASS ] 
/health_checks/draas_checks/recovery_plan_checks/recovery_plan_entities_cleanup_check                                                                                                                   [ PASS ] 
/health_checks/pulse_checks/ncm_connection_checks                                                                                                                                                       [ PASS ] 
/health_checks/system_checks/weekly_pre_expiry                                                                                                                                                          [ PASS ] 
/health_checks/system_checks/cluster_services_down_check                                                                                                                                                [ PASS ] 
/health_checks/network_checks/cvm_network_error_check                                                                                                                                                   [ PASS ] 
/health_checks/system_checks/calm_container_health_check                                                                                                                                                [ PASS ] 
/health_checks/system_checks/cpu_avx_check                                                                                                                                                              [ PASS ] 
/health_checks/system_checks/pcvm_disk_usage_check                                                                                                                                                      [ PASS ] 
/health_checks/system_checks/check_ssl_expiry                                                                                                                                                           [ PASS ] 
/health_checks/network_checks/cvm_time_drift_check                                                                                                                                                      [ PASS ] 
/health_checks/system_checks/zkalias_check_plugin                                                                                                                                                       [ PASS ] 
/health_checks/system_checks/crash_dump_check                                                                                                                                                           [ PASS ] 
/health_checks/draas_checks/recovery_plan_checks/recovery_plan_vms_chdr_check                                                                                                                           [ PASS ] 
/health_checks/system_checks/cvm_same_ncc_version_check                                                                                                                                                 [ PASS ] 
/health_checks/pcvm_checks/pcdr_version_compatibility_check                                                                                                                                             [ PASS ] 
/health_checks/pcvm_checks/cross_pc_dr_compatibility_check                                                                                                                                              [ PASS ] 
/health_checks/draas_checks/recovery_plan_checks/recovery_plan_ip_mapping_conflict_check                                                                                                                [ PASS ] 
/health_checks/system_checks/cpu_unblock_check                                                                                                                                                          [ PASS ] 
/health_checks/pulse_checks/metering_rest_connection_checks                                                                                                                                             [ PASS ] 
/health_checks/system_checks/cluster_services_status                                                                                                                                                    [ PASS ] 
/health_checks/data_protection_checks/ahv_sync_rep_checks/stale_secondary_synchronous_replication_configuration_check                                                                                   [ PASS ] 
/health_checks/draas_checks/protection_policy_checks/cross_cluster_apc_compatibility_check                                                                                                              [ PASS ] 
/health_checks/fileserver_checks/fileserver_cvm_checks/pc_files_upgrade_prechecks                                                                                                                       [ PASS ] 
/health_checks/system_checks/dataservice_connectivity_check                                                                                                                                             [ PASS ] 
/health_checks/system_checks/check_network_configuration_files                                                                                                                                          [ PASS ] 
/health_checks/pcvm_checks/total_categories_association_threshold_alert                                                                                                                                 [ PASS ] 
/health_checks/pulse_checks/flow_snapshot_sync_lag_checks                                                                                                                                               [ PASS ] 
/health_checks/system_checks/check_license_compliance                                                                                                                                                   [ PASS ] 
/health_checks/cassandra_checks/nodetool_consistency_check                                                                                                                                              [ PASS ] 
/health_checks/pcvm_checks/pcvm_config_max_check                                                                                                                                                        [ PASS ] 
/health_checks/draas_checks/recovery_plan_checks/category_protected_entities_multiple_fault_domain_check                                                                                                [ PASS ] 
/health_checks/pulse_checks/cfs_fatal_check                                                                                                                                                             [ PASS ] 
/health_checks/pcvm_checks/pcvm_home_partition_expansion_check                                                                                                                                          [ PASS ] 
/health_checks/draas_checks/recovery_plan_checks/recovery_plan_last_test_status_check                                                                                                                   [ PASS ] 
/health_checks/pulse_checks/ncm_snapshot_sync_lag_checks                                                                                                                                                [ PASS ] 
/health_checks/system_checks/check_node_ssh_keys                                                                                                                                                        [ PASS ] 
/health_checks/data_protection_checks/witness_checks/witness_connectivity_check                                                                                                                         [ PASS ] 
/health_checks/draas_checks/recovery_plan_checks/directly_attached_vg_vm_replication_to_different_clusters_check                                                                                        [ PASS ] 
/health_checks/data_protection_checks/high_density_node_checks/protection_rules_check                                                                                                                   [ PASS ] 
/health_checks/draas_checks/recovery_plan_checks/recovery_plan_mst_protected_entities_span_multiple_clusters_check                                                                                      [ PASS ] 
/health_checks/draas_checks/recovery_plan_checks/conflicting_floating_ip_check_plugin                                                                                                                   [ PASS ] 
/health_checks/key_manager_checks/sw_encryption_key_availability_check                                                                                                                                  [ PASS ] 
/health_checks/pulse_checks/pulse_enablement_checks                                                                                                                                                     [ PASS ] 
/health_checks/system_checks/calm_version_mismatch_check                                                                                                                                                [ PASS ] 
/health_checks/data_protection_checks/ahv_sync_rep_checks/remote_aos_version_check                                                                                                                      [ PASS ] 
/health_checks/network_checks/inter_cvm_connections_check                                                                                                                                               [ PASS ] 
/health_checks/pcvm_checks/iamv2_backup_sync_check                                                                                                                                                      [ PASS ] 
/health_checks/object_store_checks/objects_upgrade_prechecks                                                                                                                                            [ PASS ] 
/health_checks/data_protection_checks/ahv_sync_rep_checks/stale_primary_synchronous_replication_configuration_check                                                                                     [ PASS ] 
/health_checks/draas_checks/recovery_plan_checks/recovery_plan_vm_volume_attachment_config_check                                                                                                        [ PASS ] 
/health_checks/system_checks/idf_db_to_db_sync_heartbeat_status_check                                                                                                                                   [ PASS ] 
/health_checks/hardware_checks/disk_checks/inode_usage_check                                                                                                                                            [ PASS ] 
/health_checks/draas_checks/recovery_plan_checks/recovery_plan_consistency_group_checks                                                                                                                 [ PASS ] 
/health_checks/system_checks/same_timezone_check                                                                                                                                                        [ PASS ] 
/health_checks/system_checks/check_smtp_server_security                                                                                                                                                 [ PASS ] 
/health_checks/pcvm_checks/pcvm_registered_cluster_check                                                                                                                                                [ PASS ] 
/health_checks/system_checks/check_authentication_certificates_expiry                                                                                                                                   [ PASS ] 
/health_checks/data_protection_checks/witness_checks/witness_fault_domain_check                                                                                                                         [ PASS ] 
/health_checks/system_checks/pc_memory_availability_check                                                                                                                                               [ PASS ] 
/health_checks/network_checks/pc_to_ahv_secondary_ip_reachability_check                                                                                                                                 [ PASS ] 
/health_checks/system_checks/microservice_infrastructure_status_check                                                                                                                                   [ PASS ] 
/health_checks/data_protection_checks/high_density_node_checks/recovery_points_check                                                                                                                    [ PASS ] 
/health_checks/draas_checks/recovery_plan_checks/vm_in_multiple_stages_check                                                                                                                            [ PASS ] 
/health_checks/pcvm_checks/pcvm_active_upgrade_check                                                                                                                                                    [ PASS ] 
/health_checks/system_checks/pcvm_cpu_load_check                                                                                                                                                        [ PASS ] 
/health_checks/system_checks/cluster_connectivity_status                                                                                                                                                [ PASS ] 
/health_checks/network_checks/firewall_consistency_check                                                                                                                                                [ PASS ] 
/health_checks/draas_checks/protection_policy_checks/mst_endpoint_mismatch_check                                                                                                                        [ PASS ] 
/health_checks/system_checks/cvm_services_status                                                                                                                                                        [ PASS ] 
/health_checks/pcvm_checks/pcvm_same_disk_size_check                                                                                                                                                    [ PASS ] 
/health_checks/draas_checks/protection_policy_checks/attached_vm_vg_protection_check                                                                                                                    [ PASS ] 
/health_checks/pcvm_checks/pc_backup_sync_check                                                                                                                                                         [ PASS ] 
/health_checks/system_checks/kernel_mitigations_check                                                                                                                                                   [ PASS ] 
/health_checks/system_checks/gflags_diff_check                                                                                                                                                          [ PASS ] 
/health_checks/system_checks/pc_vm_resource_resize_check                                                                                                                                                [ PASS ] 
/health_checks/draas_checks/protection_policy_checks/entities_affected_by_disconnected_availability_zones                                                                                               [ PASS ] 
/health_checks/msp_controller_checks/msp_controller_upgrade_prechecks                                                                                                                                   [ PASS ] 
/health_checks/pcvm_checks/pcvm_disabled_upgrade_check                                                                                                                                                  [ PASS ] 
/health_checks/draas_checks/protection_policy_checks/availability_zone_check                                                                                                                            [ PASS ] 
/health_checks/pulse_checks/pc_pulse_disabled_check                                                                                                                                                     [ PASS ] 
/health_checks/system_checks/aide_check                                                                                                                                                                 [ PASS ] 
/health_checks/draas_checks/recovery_plan_checks/recovery_plan_modified_network_check                                                                                                                   [ PASS ] 
/health_checks/system_checks/pcvm_same_mem_level_check                                                                                                                                                  [ PASS ] 
/health_checks/system_checks/coreoff_check                                                                                                                                                              [ PASS ] 
/health_checks/system_checks/epsilon_version_mismatch_check                                                                                                                                             [ PASS ] 
/health_checks/system_checks/notifications_dropped_check                                                                                                                                                [ PASS ] 
/health_checks/system_checks/pc_vcpu_availability_check                                                                                                                                                 [ PASS ] 
/health_checks/data_protection_checks/ahv_sync_rep_checks/remote_site_latency_check                                                                                                                     [ PASS ] 
/health_checks/system_checks/ergon_checks                                                                                                                                                               [ PASS ] 
/health_checks/pcvm_checks/pcvm_type_annotation_check                                                                                                                                                   [ PASS ] 
/health_checks/pcvm_checks/pc_fs_inconsistency_check                                                                                                                                                    [ PASS ] 
/health_checks/system_checks/system_user_password_expiry                                                                                                                                                [ PASS ] 
/health_checks/system_checks/salt_check                                                                                                                                                                 [ PASS ] 
/health_checks/draas_checks/recovery_plan_checks/recovery_plan_vm_volume_attachment_ngt_version_check                                                                                                   [ PASS ] 
/health_checks/draas_checks/recovery_plan_checks/recovery_plan_entity_limit_check                                                                                                                       [ PASS ] 
/health_checks/ncm_checks/ncm_pre_upgrade_checks                                                                                                                                                        [ PASS ] 
/health_checks/draas_checks/recovery_plan_checks/recovery_plan_entities_protection_check                                                                                                                [ PASS ] 
/health_checks/data_protection_checks/witness_checks/async_and_paused_entities_in_recovery_plan_check                                                                                                   [ PASS ] 
/health_checks/cassandra_checks/cassandra_status_check                                                                                                                                                  [ PASS ] 
/health_checks/pulse_checks/ncm_metric_sync_lag_checks                                                                                                                                                  [ PASS ] 
/health_checks/system_checks/http_proxy_check                                                                                                                                                           [ PASS ] 
/health_checks/system_checks/cvm_memory_usage_check                                                                                                                                                     [ PASS ] 
/health_checks/pcvm_checks/pc_version_eol_check                                                                                                                                                         [ PASS ] 
/health_checks/system_checks/check_pcvm_ssh_security                                                                                                                                                    [ INFO ] 
/health_checks/system_checks/ldap_config_check                                                                                                                                                          [ WARN ] 
/health_checks/system_checks/dns_server_check                                                                                                                                                           [ WARN ] 
/health_checks/pulse_checks/rest_connection_checks                                                                                                                                                      [ WARN ] 
/health_checks/system_checks/pc_default_password_check                                                                                                                                                  [ FAIL ] 

Detailed information for check_pcvm_ssh_security:
Node 188.185.14.1: 
INFO: Password-based remote login is enabled on the PCVM. It is recommended to use key-based ssh access instead of password-based ssh access for better security.
Refer to KB 14104 (http://portal.nutanix.com/kb/14104) for details on check_pcvm_ssh_security or Recheck with: ncc health_checks system_checks check_pcvm_ssh_security

Detailed information for ldap_config_check:
Node 188.185.14.1: 
WARN: 1 ldap urls have no role mapping: [('TenantAD', '192.168.4.161')]
Refer to KB 2997 (http://portal.nutanix.com/kb/2997) for details on ldap_config_check or Recheck with: ncc health_checks system_checks ldap_config_check

Detailed information for dns_server_check:
Node 188.185.14.1: 
INFO: DNS Server Response Time of 4573 exceeded threshold of 3000 milliseconds with DNS Server 192.168.4.161
INFO: DNS Server Response Time of 4763 exceeded threshold of 3000 milliseconds with DNS Server 199.189.57.2
WARN: Response time of DNS Server 127.0.0.1 configured on CVM is untraceable.

Node 188.185.14.2: 
INFO: DNS Server Response Time of 4629 exceeded threshold of 3000 milliseconds with DNS Server 192.168.4.161
WARN: Response time of DNS Server 127.0.0.1 configured on CVM is untraceable.

Node 188.185.14.3: 
WARN: Response time of DNS Server 127.0.0.1 configured on CVM is untraceable.

Refer to KB 3005 (http://portal.nutanix.com/kb/3005) for details on dns_server_check or Recheck with: ncc health_checks system_checks dns_server_check --cvm_list=188.185.14.1,188.185.14.2,188.185.14.3

Detailed information for rest_connection_checks:
Node 188.185.14.1: 
WARN: Pulse is enabled but connectivity fails. Discoveries and other Insights features will not be available until the Pulse connection is re-established.
Refer to KB 5490 (http://portal.nutanix.com/kb/5490) for details on rest_connection_checks or Recheck with: ncc health_checks pulse_checks rest_connection_checks

Detailed information for pc_default_password_check:
Node 188.185.14.1: 
FAIL: Please update the default password(s) on the PC with IP: 188.185.14.1 for the nutanix user to harden the security on the clusters. Nutanix recommends immediately changing all default passwords.
Refer to KB 6153 (http://portal.nutanix.com/kb/6153) for details on pc_default_password_check or Recheck with: ncc health_checks system_checks pc_default_password_check
+-----------------------+
| State         | Count |
+-----------------------+
| Pass          | 117   |
| Info          | 1     |
| Warning       | 3     |
| Fail          | 1     |
| Total Plugins | 122   |
+-----------------------+
Plugin output written to /home/nutanix/data/logs/ncc-output-latest.log
